// Jest Snapshot v1, https://goo.gl/fbAQLP

exports[`allows using all the available utilities 1`] = `
Array [
  "__esModule",
  "compare",
  "compareLikeHuman",
  "naturalCompare",
  "compose",
  "_do",
  "calcLevenshtein",
  "distance",
  "levenshtein",
  "endsWith",
  "escapeHTML",
  "head",
  "first",
  "popFirst",
  "isAlpha",
  "isLower",
  "isLowerCase",
  "isNum",
  "isNumeric",
  "includes",
  "has",
  "isString",
  "isUpper",
  "isUpperCase",
  "startsWith",
  "camelCase",
  "camelize",
  "toCamelCase",
  "toCapitals",
  "toFirstCapital",
  "capitalize",
  "toChicagoManualStyle",
  "toChicagoStyle",
  "toChicagoTitle",
  "toTurabian",
  "toChunks",
  "decapitalize",
  "toFirstLower",
  "toLower",
  "classify",
  "toPascalCase",
  "pluralize",
  "toPlural",
  "toPred",
  "toPredecessor",
  "snakeCase",
  "toSnakeCase",
  "toSucc",
  "toSuccessor",
  "titleize",
  "toTitle",
  "_when",
  "humanize",
  "toHuman",
  "cleanDiacritics",
  "removeDiacritics",
  "withoutDiacritics",
  "dedent",
  "removeIndent",
  "withoutIndent",
  "isAlphaNumeric",
  "isAlphanumeric",
  "isAlphaDigit",
  "withoutHTML",
  "removeHTML",
  "tail",
  "rest",
  "last",
  "pop",
  "toSwap",
  "swap",
]
`;
